
Checking handling of options.

FPRI
Calling module `pam_krb5.so'.
`Password: ' -> `foo'
AUTH	0	Success
ESTCRED	0	Success
FPRI
DELCRED	0	Success

I
Calling module `pam_krb5.so'.
`Password: ' -> `foo'
AUTH	0	Success
ESTCRED	0	Success
I
DELCRED	0	Success

No addresses.
Calling module `pam_krb5.so'.
`Password: ' -> `foo'
AUTH	0	Success
ESTCRED	0	Success
0
DELCRED	0	Success

With local addresses.
Calling module `pam_krb5.so'.
`Password: ' -> `foo'
AUTH	0	Success
ESTCRED	0	Success
1
DELCRED	0	Success

With local and extra addresses.
Calling module `pam_krb5.so'.
`Password: ' -> `foo'
AUTH	0	Success
ESTCRED	0	Success
2
DELCRED	0	Success

Without krb4.
Calling module `pam_krb5.so'.
`Password: ' -> `foo'
AUTH	0	Success
ESTCRED	0	Success
DELCRED	0	Success

Renewable lifetime 0.
Calling module `pam_krb5.so'.
`Password: ' -> `foo'
AUTH	0	Success
ESTCRED	0	Success
0
DELCRED	0	Success

Renewable lifetime 1 hour.
Calling module `pam_krb5.so'.
`Password: ' -> `foo'
AUTH	0	Success
ESTCRED	0	Success
36000
DELCRED	0	Success

Default ccache directory.
Calling module `pam_krb5.so'.
`Password: ' -> `foo'
AUTH	0	Success
ESTCRED	0	Success
FILE:/tmp/krb5_cc_$UID_XXXXXX
DELCRED	0	Success

Ccache directory = testdir/kdc.
Calling module `pam_krb5.so'.
`Password: ' -> `foo'
AUTH	0	Success
ESTCRED	0	Success
FILE:$testdir/kdc/krb5_cc_$UID_XXXXXX
DELCRED	0	Success

Banner = K3RB3R05 S
Calling module `pam_krb5.so'.
`K3RB3R05 S Password: ' -> `foo'
CHAUTHTOK1	0	Success
`New K3RB3R05 S Password: ' -> `bar'
`Repeat New K3RB3R05 S Password: ' -> `bar'
CHAUTHTOK2	0	Success

Password-change Help Text
Calling module `pam_krb5.so'.
` 1 ----------------------------------------------------------------------------
 2 ----------------------------------------------------------------------------
 3 ----------------------------------------------------------------------------
 4 ----------------------------------------------------------------------------
 5 ----------------------------------------------------------------------------
 6 ----------------------------------------------------------------------------
 7 ----------------------------------------------------------------------------
 8 ----------------------------------------------------------------------------
 9 ----------------------------------------------------------------------------
10 ----------------------------------------------------------------------------
11 ----------------------------------------------------------------------------
12 ----------------------------------------------------------------------------
13 ----------------------------------------------------------------------------
14 ----------------------------------------------------------------------------
15 ----------------------------------------------------------------------------
16 ----------------------------------------------------------------------------
17 ----------------------------------------------------------------------------
18 ----------------------------------------------------------------------------
19 ----------------------------------------------------------------------------
20 ----------------------------------------------------------------------------
21 ----------------------------------------------------------------------------
22 ----------------------------------------------------------------------------
23 ----------------------------------------------------------------------------
24 ----------------------------------------------------------------------------
25 ----------------------------------------------------------------------------
26 ----------------------------------------------------------------------------
27 ----------------------------------------------------------------------------
28 ----------------------------------------------------------------------------
29 ----------------------------------------------------------------------------
30 ----------------------------------------------------------------------------
'
`Kerberos 5 Password: ' -> `foo'
CHAUTHTOK1	0	Success
`New Kerberos 5 Password: ' -> `bar'
`Repeat New Kerberos 5 Password: ' -> `bar'
CHAUTHTOK2	0	Success
